<world>
<properties>
defaultSize height='15' width='15'/>
</properties>
<objects>
<wall x='1' y='14' length='1' style='horizontal'/>
<beeper x='1' y='11' num='1'/>
<wall x='2' y='14' length='1' style='horizontal'/>
<beeper x='2' y='2' num='1'/>
<wall x='3' y='14' length='1' style='horizontal'/>
<beeper x='3' y='13' num='1'/>
<wall x='4' y='14' length='1' style='horizontal'/>
<beeper x='4' y='1' num='1'/>
<wall x='5' y='14' length='1' style='horizontal'/>
<beeper x='5' y='8' num='1'/>
<beeper x='6' y='14' num='1'/>
<wall x='6' y='14' length='1' style='horizontal'/>
<wall x='7' y='14' length='1' style='horizontal'/>
<wall x='8' y='14' length='1' style='horizontal'/>
<beeper x='8' y='12' num='1'/>
<wall x='9' y='14' length='1' style='horizontal'/>
<beeper x='9' y='4' num='1'/>
<wall x='10' y='14' length='1' style='horizontal'/>
<wall x='11' y='14' length='1' style='horizontal'/>
<beeper x='11' y='11' num='1'/>
<wall x='12' y='14' length='1' style='horizontal'/>
<beeper x='12' y='7' num='1'/>
<beeper x='12' y='3' num='1'/>
<wall x='13' y='14' length='1' style='horizontal'/>
<beeper x='13' y='1' num='1'/>
<wall x='14' y='14' length='1' style='horizontal'/>
<wall x='14' y='14' length='1' style='vertical'/>
<beeper x='14' y='13' num='1'/>
<wall x='14' y='13' length='1' style='vertical'/>
<wall x='14' y='12' length='1' style='vertical'/>
<wall x='14' y='11' length='1' style='vertical'/>
<wall x='14' y='10' length='1' style='vertical'/>
<wall x='14' y='9' length='1' style='vertical'/>
<wall x='14' y='8' length='1' style='vertical'/>
<wall x='14' y='7' length='1' style='vertical'/>
<wall x='14' y='6' length='1' style='vertical'/>
<beeper x='14' y='5' num='1'/>
<wall x='14' y='5' length='1' style='vertical'/>
<wall x='14' y='4' length='1' style='vertical'/>
<wall x='14' y='3' length='1' style='vertical'/>
<wall x='14' y='2' length='1' style='vertical'/>
<wall x='14' y='1' length='1' style='vertical'/>
</objects>
</world>
